2020-10-06 12:45:41 -    INFO - ################################## START TEST ##################################
2020-10-06 12:45:41 -    INFO - Start user test
2020-10-06 12:45:41 -    INFO - ################################### END TEST ###################################
